capslot: astra-cinematic-final-world holds the capture slot
world: page loaded in 314.6 s — waiting for __ZR__.ready() (timeout 15 min)
world: ready in 315.2 s
01-arrival 1/180 — frame 1/750 — 69.7 s/frame
01-arrival 2/180 — frame 2/750 — 35.5 s/frame
01-arrival 3/180 — frame 3/750 — 24.1 s/frame
01-arrival 4/180 — frame 4/750 — 18.4 s/frame
01-arrival 5/180 — frame 5/750 — 14.9 s/frame
01-arrival 6/180 — frame 6/750 — 12.6 s/frame
01-arrival 7/180 — frame 7/750 — 11.0 s/frame
01-arrival 8/180 — frame 8/750 — 9.8 s/frame
01-arrival 9/180 — frame 9/750 — 8.8 s/frame
01-arrival 10/180 — frame 10/750 — 8.1 s/frame
01-arrival 11/180 — frame 11/750 — 7.4 s/frame
01-arrival 12/180 — frame 12/750 — 6.9 s/frame
01-arrival 13/180 — frame 13/750 — 6.5 s/frame
01-arrival 14/180 — frame 14/750 — 6.1 s/frame
01-arrival 15/180 — frame 15/750 — 5.8 s/frame
01-arrival 16/180 — frame 16/750 — 5.5 s/frame
01-arrival 17/180 — frame 17/750 — 5.3 s/frame
01-arrival 18/180 — frame 18/750 — 5.1 s/frame
01-arrival 19/180 — frame 19/750 — 4.9 s/frame
01-arrival 20/180 — frame 20/750 — 4.7 s/frame
01-arrival 21/180 — frame 21/750 — 4.5 s/frame
01-arrival 22/180 — frame 22/750 — 4.4 s/frame
01-arrival 23/180 — frame 23/750 — 4.2 s/frame
01-arrival 24/180 — frame 24/750 — 4.1 s/frame
01-arrival 25/180 — frame 25/750 — 4.0 s/frame
01-arrival 26/180 — frame 26/750 — 3.9 s/frame
01-arrival 27/180 — frame 27/750 — 3.8 s/frame
01-arrival 28/180 — frame 28/750 — 3.7 s/frame
01-arrival 29/180 — frame 29/750 — 3.6 s/frame
01-arrival 30/180 — frame 30/750 — 3.6 s/frame
01-arrival 31/180 — frame 31/750 — 3.5 s/frame
01-arrival 32/180 — frame 32/750 — 3.4 s/frame
01-arrival 33/180 — frame 33/750 — 3.3 s/frame
01-arrival 34/180 — frame 34/750 — 3.3 s/frame
01-arrival 35/180 — frame 35/750 — 3.2 s/frame
01-arrival 36/180 — frame 36/750 — 3.2 s/frame
01-arrival 37/180 — frame 37/750 — 3.1 s/frame
01-arrival 38/180 — frame 38/750 — 3.1 s/frame
01-arrival 39/180 — frame 39/750 — 3.0 s/frame
01-arrival 40/180 — frame 40/750 — 3.0 s/frame
01-arrival 41/180 — frame 41/750 — 2.9 s/frame
01-arrival 42/180 — frame 42/750 — 2.9 s/frame
01-arrival 43/180 — frame 43/750 — 2.9 s/frame
01-arrival 44/180 — frame 44/750 — 2.8 s/frame
01-arrival 45/180 — frame 45/750 — 2.8 s/frame
01-arrival 46/180 — frame 46/750 — 2.8 s/frame
01-arrival 47/180 — frame 47/750 — 2.7 s/frame
01-arrival 48/180 — frame 48/750 — 2.7 s/frame
01-arrival 49/180 — frame 49/750 — 2.7 s/frame
01-arrival 50/180 — frame 50/750 — 2.6 s/frame
01-arrival 51/180 — frame 51/750 — 2.6 s/frame
01-arrival 52/180 — frame 52/750 — 2.6 s/frame
01-arrival 53/180 — frame 53/750 — 2.6 s/frame
01-arrival 54/180 — frame 54/750 — 2.5 s/frame
01-arrival 55/180 — frame 55/750 — 2.5 s/frame
01-arrival 56/180 — frame 56/750 — 2.5 s/frame
01-arrival 57/180 — frame 57/750 — 2.5 s/frame
01-arrival 58/180 — frame 58/750 — 2.5 s/frame
01-arrival 59/180 — frame 59/750 — 2.4 s/frame
01-arrival 60/180 — frame 60/750 — 2.4 s/frame
01-arrival 61/180 — frame 61/750 — 2.4 s/frame
01-arrival 62/180 — frame 62/750 — 2.4 s/frame
01-arrival 63/180 — frame 63/750 — 2.4 s/frame
01-arrival 64/180 — frame 64/750 — 2.4 s/frame
01-arrival 65/180 — frame 65/750 — 2.3 s/frame
01-arrival 66/180 — frame 66/750 — 2.3 s/frame
01-arrival 67/180 — frame 67/750 — 2.3 s/frame
01-arrival 68/180 — frame 68/750 — 2.3 s/frame
01-arrival 69/180 — frame 69/750 — 2.3 s/frame
01-arrival 70/180 — frame 70/750 — 2.3 s/frame
01-arrival 71/180 — frame 71/750 — 2.3 s/frame
01-arrival 72/180 — frame 72/750 — 2.2 s/frame
01-arrival 73/180 — frame 73/750 — 2.2 s/frame
01-arrival 74/180 — frame 74/750 — 2.2 s/frame
01-arrival 75/180 — frame 75/750 — 2.2 s/frame
01-arrival 76/180 — frame 76/750 — 2.2 s/frame
01-arrival 77/180 — frame 77/750 — 2.2 s/frame
01-arrival 78/180 — frame 78/750 — 2.2 s/frame
01-arrival 79/180 — frame 79/750 — 2.2 s/frame
01-arrival 80/180 — frame 80/750 — 2.2 s/frame
01-arrival 81/180 — frame 81/750 — 2.1 s/frame
01-arrival 82/180 — frame 82/750 — 2.1 s/frame
01-arrival 83/180 — frame 83/750 — 2.1 s/frame
01-arrival 84/180 — frame 84/750 — 2.1 s/frame
01-arrival 85/180 — frame 85/750 — 2.1 s/frame
01-arrival 86/180 — frame 86/750 — 2.1 s/frame
01-arrival 87/180 — frame 87/750 — 2.1 s/frame
01-arrival 88/180 — frame 88/750 — 2.1 s/frame
01-arrival 89/180 — frame 89/750 — 2.1 s/frame
01-arrival 90/180 — frame 90/750 — 2.0 s/frame
01-arrival 91/180 — frame 91/750 — 2.0 s/frame
01-arrival 92/180 — frame 92/750 — 2.0 s/frame
01-arrival 93/180 — frame 93/750 — 2.0 s/frame
01-arrival 94/180 — frame 94/750 — 2.0 s/frame
01-arrival 95/180 — frame 95/750 — 2.0 s/frame
01-arrival 96/180 — frame 96/750 — 2.0 s/frame
01-arrival 97/180 — frame 97/750 — 2.0 s/frame
01-arrival 98/180 — frame 98/750 — 2.0 s/frame
01-arrival 99/180 — frame 99/750 — 2.0 s/frame
01-arrival 100/180 — frame 100/750 — 2.0 s/frame
01-arrival 101/180 — frame 101/750 — 2.0 s/frame
01-arrival 102/180 — frame 102/750 — 2.0 s/frame
01-arrival 103/180 — frame 103/750 — 1.9 s/frame
01-arrival 104/180 — frame 104/750 — 1.9 s/frame
01-arrival 105/180 — frame 105/750 — 1.9 s/frame
01-arrival 106/180 — frame 106/750 — 1.9 s/frame
01-arrival 107/180 — frame 107/750 — 1.9 s/frame
01-arrival 108/180 — frame 108/750 — 1.9 s/frame
01-arrival 109/180 — frame 109/750 — 1.9 s/frame
01-arrival 110/180 — frame 110/750 — 1.9 s/frame
01-arrival 111/180 — frame 111/750 — 1.9 s/frame
01-arrival 112/180 — frame 112/750 — 1.9 s/frame
01-arrival 113/180 — frame 113/750 — 1.9 s/frame
01-arrival 114/180 — frame 114/750 — 1.9 s/frame
01-arrival 115/180 — frame 115/750 — 1.9 s/frame
01-arrival 116/180 — frame 116/750 — 1.9 s/frame
01-arrival 117/180 — frame 117/750 — 1.9 s/frame
01-arrival 118/180 — frame 118/750 — 1.9 s/frame
01-arrival 119/180 — frame 119/750 — 1.9 s/frame
01-arrival 120/180 — frame 120/750 — 1.9 s/frame
01-arrival 121/180 — frame 121/750 — 1.8 s/frame
01-arrival 122/180 — frame 122/750 — 1.8 s/frame
01-arrival 123/180 — frame 123/750 — 1.8 s/frame
01-arrival 124/180 — frame 124/750 — 1.8 s/frame
01-arrival 125/180 — frame 125/750 — 1.8 s/frame
01-arrival 126/180 — frame 126/750 — 1.8 s/frame
01-arrival 127/180 — frame 127/750 — 1.8 s/frame
01-arrival 128/180 — frame 128/750 — 1.8 s/frame
01-arrival 129/180 — frame 129/750 — 1.8 s/frame
01-arrival 130/180 — frame 130/750 — 1.8 s/frame
01-arrival 131/180 — frame 131/750 — 1.8 s/frame
01-arrival 132/180 — frame 132/750 — 1.8 s/frame
01-arrival 133/180 — frame 133/750 — 1.8 s/frame
01-arrival 134/180 — frame 134/750 — 1.8 s/frame
01-arrival 135/180 — frame 135/750 — 1.8 s/frame
01-arrival 136/180 — frame 136/750 — 1.8 s/frame
01-arrival 137/180 — frame 137/750 — 1.8 s/frame
01-arrival 138/180 — frame 138/750 — 1.8 s/frame
01-arrival 139/180 — frame 139/750 — 1.8 s/frame
01-arrival 140/180 — frame 140/750 — 1.8 s/frame
01-arrival 141/180 — frame 141/750 — 1.8 s/frame
01-arrival 142/180 — frame 142/750 — 1.8 s/frame
01-arrival 143/180 — frame 143/750 — 1.8 s/frame
01-arrival 144/180 — frame 144/750 — 1.8 s/frame
01-arrival 145/180 — frame 145/750 — 1.7 s/frame
01-arrival 146/180 — frame 146/750 — 1.7 s/frame
01-arrival 147/180 — frame 147/750 — 1.7 s/frame
01-arrival 148/180 — frame 148/750 — 1.7 s/frame
01-arrival 149/180 — frame 149/750 — 1.7 s/frame
01-arrival 150/180 — frame 150/750 — 1.7 s/frame
01-arrival 151/180 — frame 151/750 — 1.7 s/frame
01-arrival 152/180 — frame 152/750 — 1.7 s/frame
01-arrival 153/180 — frame 153/750 — 1.7 s/frame
01-arrival 154/180 — frame 154/750 — 1.7 s/frame
01-arrival 155/180 — frame 155/750 — 1.7 s/frame
01-arrival 156/180 — frame 156/750 — 1.7 s/frame
01-arrival 157/180 — frame 157/750 — 1.7 s/frame
01-arrival 158/180 — frame 158/750 — 1.7 s/frame
01-arrival 159/180 — frame 159/750 — 1.7 s/frame
01-arrival 160/180 — frame 160/750 — 1.7 s/frame
01-arrival 161/180 — frame 161/750 — 1.7 s/frame
01-arrival 162/180 — frame 162/750 — 1.7 s/frame
01-arrival 163/180 — frame 163/750 — 1.7 s/frame
01-arrival 164/180 — frame 164/750 — 1.7 s/frame
01-arrival 165/180 — frame 165/750 — 1.7 s/frame
01-arrival 166/180 — frame 166/750 — 1.7 s/frame
01-arrival 167/180 — frame 167/750 — 1.7 s/frame
01-arrival 168/180 — frame 168/750 — 1.7 s/frame
01-arrival 169/180 — frame 169/750 — 1.7 s/frame
01-arrival 170/180 — frame 170/750 — 1.7 s/frame
01-arrival 171/180 — frame 171/750 — 1.7 s/frame
01-arrival 172/180 — frame 172/750 — 1.7 s/frame
01-arrival 173/180 — frame 173/750 — 1.7 s/frame
01-arrival 174/180 — frame 174/750 — 1.7 s/frame
01-arrival 175/180 — frame 175/750 — 1.7 s/frame
01-arrival 176/180 — frame 176/750 — 1.7 s/frame
01-arrival 177/180 — frame 177/750 — 1.7 s/frame
01-arrival 178/180 — frame 178/750 — 1.7 s/frame
01-arrival 179/180 — frame 179/750 — 1.7 s/frame
01-arrival 180/180 — frame 180/750 — 1.7 s/frame
02-canopy 1/150 — frame 181/750 — 1.7 s/frame
02-canopy 2/150 — frame 182/750 — 1.7 s/frame
02-canopy 3/150 — frame 183/750 — 1.7 s/frame
02-canopy 4/150 — frame 184/750 — 1.7 s/frame
02-canopy 5/150 — frame 185/750 — 1.6 s/frame
02-canopy 6/150 — frame 186/750 — 1.6 s/frame
02-canopy 7/150 — frame 187/750 — 1.6 s/frame
02-canopy 8/150 — frame 188/750 — 1.6 s/frame
02-canopy 9/150 — frame 189/750 — 1.6 s/frame
02-canopy 10/150 — frame 190/750 — 1.6 s/frame
02-canopy 11/150 — frame 191/750 — 1.6 s/frame
02-canopy 12/150 — frame 192/750 — 1.6 s/frame
02-canopy 13/150 — frame 193/750 — 1.6 s/frame
02-canopy 14/150 — frame 194/750 — 1.6 s/frame
02-canopy 15/150 — frame 195/750 — 1.6 s/frame
02-canopy 16/150 — frame 196/750 — 1.6 s/frame
02-canopy 17/150 — frame 197/750 — 1.6 s/frame
02-canopy 18/150 — frame 198/750 — 1.6 s/frame
02-canopy 19/150 — frame 199/750 — 1.6 s/frame
02-canopy 20/150 — frame 200/750 — 1.6 s/frame
02-canopy 21/150 — frame 201/750 — 1.6 s/frame
02-canopy 22/150 — frame 202/750 — 1.6 s/frame
02-canopy 23/150 — frame 203/750 — 1.6 s/frame
02-canopy 24/150 — frame 204/750 — 1.6 s/frame
02-canopy 25/150 — frame 205/750 — 1.6 s/frame
02-canopy 26/150 — frame 206/750 — 1.6 s/frame
02-canopy 27/150 — frame 207/750 — 1.6 s/frame
02-canopy 28/150 — frame 208/750 — 1.6 s/frame
02-canopy 29/150 — frame 209/750 — 1.6 s/frame
02-canopy 30/150 — frame 210/750 — 1.6 s/frame
02-canopy 31/150 — frame 211/750 — 1.6 s/frame
02-canopy 32/150 — frame 212/750 — 1.6 s/frame
02-canopy 33/150 — frame 213/750 — 1.6 s/frame
02-canopy 34/150 — frame 214/750 — 1.6 s/frame
02-canopy 35/150 — frame 215/750 — 1.6 s/frame
02-canopy 36/150 — frame 216/750 — 1.6 s/frame
02-canopy 37/150 — frame 217/750 — 1.6 s/frame
02-canopy 38/150 — frame 218/750 — 1.6 s/frame
02-canopy 39/150 — frame 219/750 — 1.6 s/frame
02-canopy 40/150 — frame 220/750 — 1.6 s/frame
02-canopy 41/150 — frame 221/750 — 1.6 s/frame
02-canopy 42/150 — frame 222/750 — 1.6 s/frame
02-canopy 43/150 — frame 223/750 — 1.6 s/frame
02-canopy 44/150 — frame 224/750 — 1.6 s/frame
02-canopy 45/150 — frame 225/750 — 1.6 s/frame
02-canopy 46/150 — frame 226/750 — 1.6 s/frame
02-canopy 47/150 — frame 227/750 — 1.6 s/frame
02-canopy 48/150 — frame 228/750 — 1.6 s/frame
02-canopy 49/150 — frame 229/750 — 1.6 s/frame
02-canopy 50/150 — frame 230/750 — 1.6 s/frame
02-canopy 51/150 — frame 231/750 — 1.6 s/frame
02-canopy 52/150 — frame 232/750 — 1.6 s/frame
02-canopy 53/150 — frame 233/750 — 1.6 s/frame
02-canopy 54/150 — frame 234/750 — 1.5 s/frame
02-canopy 55/150 — frame 235/750 — 1.5 s/frame
02-canopy 56/150 — frame 236/750 — 1.5 s/frame
02-canopy 57/150 — frame 237/750 — 1.5 s/frame
02-canopy 58/150 — frame 238/750 — 1.5 s/frame
02-canopy 59/150 — frame 239/750 — 1.5 s/frame
02-canopy 60/150 — frame 240/750 — 1.5 s/frame
02-canopy 61/150 — frame 241/750 — 1.5 s/frame
02-canopy 62/150 — frame 242/750 — 1.5 s/frame
02-canopy 63/150 — frame 243/750 — 1.5 s/frame
02-canopy 64/150 — frame 244/750 — 1.5 s/frame
02-canopy 65/150 — frame 245/750 — 1.5 s/frame
02-canopy 66/150 — frame 246/750 — 1.5 s/frame
02-canopy 67/150 — frame 247/750 — 1.5 s/frame
02-canopy 68/150 — frame 248/750 — 1.5 s/frame
02-canopy 69/150 — frame 249/750 — 1.5 s/frame
02-canopy 70/150 — frame 250/750 — 1.5 s/frame
02-canopy 71/150 — frame 251/750 — 1.5 s/frame
02-canopy 72/150 — frame 252/750 — 1.5 s/frame
02-canopy 73/150 — frame 253/750 — 1.5 s/frame
02-canopy 74/150 — frame 254/750 — 1.5 s/frame
02-canopy 75/150 — frame 255/750 — 1.5 s/frame
02-canopy 76/150 — frame 256/750 — 1.5 s/frame
02-canopy 77/150 — frame 257/750 — 1.5 s/frame
02-canopy 78/150 — frame 258/750 — 1.5 s/frame
02-canopy 79/150 — frame 259/750 — 1.5 s/frame
02-canopy 80/150 — frame 260/750 — 1.5 s/frame
02-canopy 81/150 — frame 261/750 — 1.5 s/frame
02-canopy 82/150 — frame 262/750 — 1.5 s/frame
02-canopy 83/150 — frame 263/750 — 1.5 s/frame
02-canopy 84/150 — frame 264/750 — 1.5 s/frame
02-canopy 85/150 — frame 265/750 — 1.5 s/frame
02-canopy 86/150 — frame 266/750 — 1.5 s/frame
02-canopy 87/150 — frame 267/750 — 1.5 s/frame
02-canopy 88/150 — frame 268/750 — 1.5 s/frame
02-canopy 89/150 — frame 269/750 — 1.5 s/frame
02-canopy 90/150 — frame 270/750 — 1.5 s/frame
02-canopy 91/150 — frame 271/750 — 1.5 s/frame
02-canopy 92/150 — frame 272/750 — 1.5 s/frame
02-canopy 93/150 — frame 273/750 — 1.5 s/frame
02-canopy 94/150 — frame 274/750 — 1.5 s/frame
02-canopy 95/150 — frame 275/750 — 1.5 s/frame
02-canopy 96/150 — frame 276/750 — 1.5 s/frame
02-canopy 97/150 — frame 277/750 — 1.5 s/frame
02-canopy 98/150 — frame 278/750 — 1.5 s/frame
02-canopy 99/150 — frame 279/750 — 1.5 s/frame
02-canopy 100/150 — frame 280/750 — 1.5 s/frame
02-canopy 101/150 — frame 281/750 — 1.5 s/frame
02-canopy 102/150 — frame 282/750 — 1.5 s/frame
02-canopy 103/150 — frame 283/750 — 1.5 s/frame
02-canopy 104/150 — frame 284/750 — 1.5 s/frame
02-canopy 105/150 — frame 285/750 — 1.5 s/frame
02-canopy 106/150 — frame 286/750 — 1.5 s/frame
02-canopy 107/150 — frame 287/750 — 1.5 s/frame
02-canopy 108/150 — frame 288/750 — 1.5 s/frame
02-canopy 109/150 — frame 289/750 — 1.5 s/frame
02-canopy 110/150 — frame 290/750 — 1.5 s/frame
02-canopy 111/150 — frame 291/750 — 1.5 s/frame
02-canopy 112/150 — frame 292/750 — 1.5 s/frame
02-canopy 113/150 — frame 293/750 — 1.5 s/frame
02-canopy 114/150 — frame 294/750 — 1.5 s/frame
02-canopy 115/150 — frame 295/750 — 1.5 s/frame
02-canopy 116/150 — frame 296/750 — 1.5 s/frame
02-canopy 117/150 — frame 297/750 — 1.5 s/frame
02-canopy 118/150 — frame 298/750 — 1.5 s/frame
02-canopy 119/150 — frame 299/750 — 1.5 s/frame
02-canopy 120/150 — frame 300/750 — 1.5 s/frame
02-canopy 121/150 — frame 301/750 — 1.5 s/frame
02-canopy 122/150 — frame 302/750 — 1.5 s/frame
02-canopy 123/150 — frame 303/750 — 1.5 s/frame
02-canopy 124/150 — frame 304/750 — 1.5 s/frame
02-canopy 125/150 — frame 305/750 — 1.5 s/frame
02-canopy 126/150 — frame 306/750 — 1.5 s/frame
02-canopy 127/150 — frame 307/750 — 1.5 s/frame
02-canopy 128/150 — frame 308/750 — 1.5 s/frame
02-canopy 129/150 — frame 309/750 — 1.5 s/frame
02-canopy 130/150 — frame 310/750 — 1.5 s/frame
02-canopy 131/150 — frame 311/750 — 1.5 s/frame
02-canopy 132/150 — frame 312/750 — 1.5 s/frame
02-canopy 133/150 — frame 313/750 — 1.5 s/frame
02-canopy 134/150 — frame 314/750 — 1.5 s/frame
02-canopy 135/150 — frame 315/750 — 1.5 s/frame
02-canopy 136/150 — frame 316/750 — 1.5 s/frame
02-canopy 137/150 — frame 317/750 — 1.5 s/frame
02-canopy 138/150 — frame 318/750 — 1.5 s/frame
02-canopy 139/150 — frame 319/750 — 1.5 s/frame
02-canopy 140/150 — frame 320/750 — 1.5 s/frame
02-canopy 141/150 — frame 321/750 — 1.5 s/frame
02-canopy 142/150 — frame 322/750 — 1.5 s/frame
02-canopy 143/150 — frame 323/750 — 1.5 s/frame
02-canopy 144/150 — frame 324/750 — 1.5 s/frame
02-canopy 145/150 — frame 325/750 — 1.5 s/frame
02-canopy 146/150 — frame 326/750 — 1.5 s/frame
02-canopy 147/150 — frame 327/750 — 1.5 s/frame
02-canopy 148/150 — frame 328/750 — 1.5 s/frame
02-canopy 149/150 — frame 329/750 — 1.5 s/frame
02-canopy 150/150 — frame 330/750 — 1.5 s/frame
03-house 1/150 — frame 331/750 — 1.5 s/frame
03-house 2/150 — frame 332/750 — 1.5 s/frame
03-house 3/150 — frame 333/750 — 1.5 s/frame
03-house 4/150 — frame 334/750 — 1.5 s/frame
03-house 5/150 — frame 335/750 — 1.5 s/frame
03-house 6/150 — frame 336/750 — 1.4 s/frame
03-house 7/150 — frame 337/750 — 1.4 s/frame
03-house 8/150 — frame 338/750 — 1.4 s/frame
03-house 9/150 — frame 339/750 — 1.4 s/frame
03-house 10/150 — frame 340/750 — 1.4 s/frame
03-house 11/150 — frame 341/750 — 1.4 s/frame
03-house 12/150 — frame 342/750 — 1.4 s/frame
03-house 13/150 — frame 343/750 — 1.4 s/frame
03-house 14/150 — frame 344/750 — 1.4 s/frame
03-house 15/150 — frame 345/750 — 1.4 s/frame
03-house 16/150 — frame 346/750 — 1.4 s/frame
03-house 17/150 — frame 347/750 — 1.4 s/frame
03-house 18/150 — frame 348/750 — 1.4 s/frame
03-house 19/150 — frame 349/750 — 1.4 s/frame
03-house 20/150 — frame 350/750 — 1.4 s/frame
03-house 21/150 — frame 351/750 — 1.4 s/frame
03-house 22/150 — frame 352/750 — 1.4 s/frame
03-house 23/150 — frame 353/750 — 1.4 s/frame
03-house 24/150 — frame 354/750 — 1.4 s/frame
03-house 25/150 — frame 355/750 — 1.4 s/frame
03-house 26/150 — frame 356/750 — 1.4 s/frame
03-house 27/150 — frame 357/750 — 1.4 s/frame
03-house 28/150 — frame 358/750 — 1.4 s/frame
03-house 29/150 — frame 359/750 — 1.4 s/frame
03-house 30/150 — frame 360/750 — 1.4 s/frame
03-house 31/150 — frame 361/750 — 1.4 s/frame
03-house 32/150 — frame 362/750 — 1.4 s/frame
03-house 33/150 — frame 363/750 — 1.4 s/frame
03-house 34/150 — frame 364/750 — 1.4 s/frame
03-house 35/150 — frame 365/750 — 1.4 s/frame
03-house 36/150 — frame 366/750 — 1.4 s/frame
03-house 37/150 — frame 367/750 — 1.4 s/frame
03-house 38/150 — frame 368/750 — 1.4 s/frame
03-house 39/150 — frame 369/750 — 1.4 s/frame
03-house 40/150 — frame 370/750 — 1.4 s/frame
03-house 41/150 — frame 371/750 — 1.4 s/frame
03-house 42/150 — frame 372/750 — 1.4 s/frame
03-house 43/150 — frame 373/750 — 1.4 s/frame
03-house 44/150 — frame 374/750 — 1.4 s/frame
03-house 45/150 — frame 375/750 — 1.4 s/frame
03-house 46/150 — frame 376/750 — 1.4 s/frame
03-house 47/150 — frame 377/750 — 1.4 s/frame
03-house 48/150 — frame 378/750 — 1.4 s/frame
03-house 49/150 — frame 379/750 — 1.4 s/frame
03-house 50/150 — frame 380/750 — 1.4 s/frame
03-house 51/150 — frame 381/750 — 1.4 s/frame
03-house 52/150 — frame 382/750 — 1.4 s/frame
03-house 53/150 — frame 383/750 — 1.4 s/frame
03-house 54/150 — frame 384/750 — 1.4 s/frame
03-house 55/150 — frame 385/750 — 1.4 s/frame
03-house 56/150 — frame 386/750 — 1.4 s/frame
03-house 57/150 — frame 387/750 — 1.4 s/frame
03-house 58/150 — frame 388/750 — 1.4 s/frame
03-house 59/150 — frame 389/750 — 1.4 s/frame
03-house 60/150 — frame 390/750 — 1.4 s/frame
03-house 61/150 — frame 391/750 — 1.4 s/frame
03-house 62/150 — frame 392/750 — 1.4 s/frame
03-house 63/150 — frame 393/750 — 1.4 s/frame
03-house 64/150 — frame 394/750 — 1.4 s/frame
03-house 65/150 — frame 395/750 — 1.4 s/frame
03-house 66/150 — frame 396/750 — 1.4 s/frame
03-house 67/150 — frame 397/750 — 1.4 s/frame
03-house 68/150 — frame 398/750 — 1.4 s/frame
03-house 69/150 — frame 399/750 — 1.4 s/frame
03-house 70/150 — frame 400/750 — 1.4 s/frame
03-house 71/150 — frame 401/750 — 1.4 s/frame
03-house 72/150 — frame 402/750 — 1.4 s/frame
03-house 73/150 — frame 403/750 — 1.4 s/frame
03-house 74/150 — frame 404/750 — 1.4 s/frame
03-house 75/150 — frame 405/750 — 1.4 s/frame
03-house 76/150 — frame 406/750 — 1.4 s/frame
03-house 77/150 — frame 407/750 — 1.4 s/frame
03-house 78/150 — frame 408/750 — 1.4 s/frame
03-house 79/150 — frame 409/750 — 1.4 s/frame
03-house 80/150 — frame 410/750 — 1.4 s/frame
03-house 81/150 — frame 411/750 — 1.4 s/frame
03-house 82/150 — frame 412/750 — 1.4 s/frame
03-house 83/150 — frame 413/750 — 1.4 s/frame
03-house 84/150 — frame 414/750 — 1.4 s/frame
03-house 85/150 — frame 415/750 — 1.4 s/frame
03-house 86/150 — frame 416/750 — 1.4 s/frame
03-house 87/150 — frame 417/750 — 1.4 s/frame
03-house 88/150 — frame 418/750 — 1.4 s/frame
03-house 89/150 — frame 419/750 — 1.4 s/frame
03-house 90/150 — frame 420/750 — 1.4 s/frame
03-house 91/150 — frame 421/750 — 1.4 s/frame
03-house 92/150 — frame 422/750 — 1.4 s/frame
03-house 93/150 — frame 423/750 — 1.4 s/frame
03-house 94/150 — frame 424/750 — 1.4 s/frame
03-house 95/150 — frame 425/750 — 1.4 s/frame
03-house 96/150 — frame 426/750 — 1.4 s/frame
03-house 97/150 — frame 427/750 — 1.4 s/frame
03-house 98/150 — frame 428/750 — 1.4 s/frame
03-house 99/150 — frame 429/750 — 1.4 s/frame
03-house 100/150 — frame 430/750 — 1.4 s/frame
03-house 101/150 — frame 431/750 — 1.4 s/frame
03-house 102/150 — frame 432/750 — 1.4 s/frame
03-house 103/150 — frame 433/750 — 1.4 s/frame
03-house 104/150 — frame 434/750 — 1.4 s/frame
03-house 105/150 — frame 435/750 — 1.4 s/frame
03-house 106/150 — frame 436/750 — 1.4 s/frame
03-house 107/150 — frame 437/750 — 1.4 s/frame
03-house 108/150 — frame 438/750 — 1.4 s/frame
03-house 109/150 — frame 439/750 — 1.4 s/frame
03-house 110/150 — frame 440/750 — 1.4 s/frame
03-house 111/150 — frame 441/750 — 1.4 s/frame
03-house 112/150 — frame 442/750 — 1.4 s/frame
03-house 113/150 — frame 443/750 — 1.4 s/frame
03-house 114/150 — frame 444/750 — 1.4 s/frame
03-house 115/150 — frame 445/750 — 1.4 s/frame
03-house 116/150 — frame 446/750 — 1.4 s/frame
03-house 117/150 — frame 447/750 — 1.4 s/frame
03-house 118/150 — frame 448/750 — 1.4 s/frame
03-house 119/150 — frame 449/750 — 1.4 s/frame
03-house 120/150 — frame 450/750 — 1.4 s/frame
03-house 121/150 — frame 451/750 — 1.4 s/frame
03-house 122/150 — frame 452/750 — 1.4 s/frame
03-house 123/150 — frame 453/750 — 1.4 s/frame
03-house 124/150 — frame 454/750 — 1.4 s/frame
03-house 125/150 — frame 455/750 — 1.4 s/frame
03-house 126/150 — frame 456/750 — 1.4 s/frame
03-house 127/150 — frame 457/750 — 1.4 s/frame
03-house 128/150 — frame 458/750 — 1.4 s/frame
03-house 129/150 — frame 459/750 — 1.4 s/frame
03-house 130/150 — frame 460/750 — 1.4 s/frame
03-house 131/150 — frame 461/750 — 1.4 s/frame
03-house 132/150 — frame 462/750 — 1.4 s/frame
03-house 133/150 — frame 463/750 — 1.4 s/frame
03-house 134/150 — frame 464/750 — 1.4 s/frame
03-house 135/150 — frame 465/750 — 1.4 s/frame
03-house 136/150 — frame 466/750 — 1.4 s/frame
03-house 137/150 — frame 467/750 — 1.4 s/frame
03-house 138/150 — frame 468/750 — 1.4 s/frame
03-house 139/150 — frame 469/750 — 1.4 s/frame
03-house 140/150 — frame 470/750 — 1.4 s/frame
03-house 141/150 — frame 471/750 — 1.4 s/frame
03-house 142/150 — frame 472/750 — 1.4 s/frame
03-house 143/150 — frame 473/750 — 1.4 s/frame
03-house 144/150 — frame 474/750 — 1.4 s/frame
03-house 145/150 — frame 475/750 — 1.4 s/frame
03-house 146/150 — frame 476/750 — 1.4 s/frame
03-house 147/150 — frame 477/750 — 1.4 s/frame
03-house 148/150 — frame 478/750 — 1.4 s/frame
03-house 149/150 — frame 479/750 — 1.4 s/frame
03-house 150/150 — frame 480/750 — 1.4 s/frame
06-log 1/270 — frame 481/750 — 1.4 s/frame
06-log 2/270 — frame 482/750 — 1.4 s/frame
06-log 3/270 — frame 483/750 — 1.4 s/frame
06-log 4/270 — frame 484/750 — 1.4 s/frame
06-log 5/270 — frame 485/750 — 1.4 s/frame
06-log 6/270 — frame 486/750 — 1.4 s/frame
06-log 7/270 — frame 487/750 — 1.4 s/frame
06-log 8/270 — frame 488/750 — 1.4 s/frame
06-log 9/270 — frame 489/750 — 1.4 s/frame
06-log 10/270 — frame 490/750 — 1.4 s/frame
06-log 11/270 — frame 491/750 — 1.4 s/frame
06-log 12/270 — frame 492/750 — 1.4 s/frame
06-log 13/270 — frame 493/750 — 1.4 s/frame
06-log 14/270 — frame 494/750 — 1.4 s/frame
06-log 15/270 — frame 495/750 — 1.4 s/frame
06-log 16/270 — frame 496/750 — 1.4 s/frame
06-log 17/270 — frame 497/750 — 1.4 s/frame
06-log 18/270 — frame 498/750 — 1.4 s/frame
06-log 19/270 — frame 499/750 — 1.4 s/frame
06-log 20/270 — frame 500/750 — 1.4 s/frame
06-log 21/270 — frame 501/750 — 1.4 s/frame
06-log 22/270 — frame 502/750 — 1.4 s/frame
06-log 23/270 — frame 503/750 — 1.4 s/frame
06-log 24/270 — frame 504/750 — 1.4 s/frame
06-log 25/270 — frame 505/750 — 1.4 s/frame
06-log 26/270 — frame 506/750 — 1.4 s/frame
06-log 27/270 — frame 507/750 — 1.4 s/frame
06-log 28/270 — frame 508/750 — 1.4 s/frame
06-log 29/270 — frame 509/750 — 1.4 s/frame
06-log 30/270 — frame 510/750 — 1.4 s/frame
06-log 31/270 — frame 511/750 — 1.4 s/frame
06-log 32/270 — frame 512/750 — 1.4 s/frame
06-log 33/270 — frame 513/750 — 1.4 s/frame
06-log 34/270 — frame 514/750 — 1.4 s/frame
06-log 35/270 — frame 515/750 — 1.4 s/frame
06-log 36/270 — frame 516/750 — 1.4 s/frame
06-log 37/270 — frame 517/750 — 1.4 s/frame
06-log 38/270 — frame 518/750 — 1.4 s/frame
06-log 39/270 — frame 519/750 — 1.4 s/frame
06-log 40/270 — frame 520/750 — 1.4 s/frame
06-log 41/270 — frame 521/750 — 1.4 s/frame
06-log 42/270 — frame 522/750 — 1.4 s/frame
06-log 43/270 — frame 523/750 — 1.4 s/frame
06-log 44/270 — frame 524/750 — 1.4 s/frame
06-log 45/270 — frame 525/750 — 1.4 s/frame
06-log 46/270 — frame 526/750 — 1.4 s/frame
06-log 47/270 — frame 527/750 — 1.4 s/frame
06-log 48/270 — frame 528/750 — 1.4 s/frame
06-log 49/270 — frame 529/750 — 1.4 s/frame
06-log 50/270 — frame 530/750 — 1.4 s/frame
06-log 51/270 — frame 531/750 — 1.4 s/frame
06-log 52/270 — frame 532/750 — 1.4 s/frame
06-log 53/270 — frame 533/750 — 1.4 s/frame
06-log 54/270 — frame 534/750 — 1.4 s/frame
06-log 55/270 — frame 535/750 — 1.4 s/frame
06-log 56/270 — frame 536/750 — 1.4 s/frame
06-log 57/270 — frame 537/750 — 1.4 s/frame
06-log 58/270 — frame 538/750 — 1.4 s/frame
06-log 59/270 — frame 539/750 — 1.4 s/frame
06-log 60/270 — frame 540/750 — 1.4 s/frame
06-log 61/270 — frame 541/750 — 1.4 s/frame
06-log 62/270 — frame 542/750 — 1.4 s/frame
06-log 63/270 — frame 543/750 — 1.4 s/frame
06-log 64/270 — frame 544/750 — 1.4 s/frame
06-log 65/270 — frame 545/750 — 1.4 s/frame
06-log 66/270 — frame 546/750 — 1.4 s/frame
06-log 67/270 — frame 547/750 — 1.4 s/frame
06-log 68/270 — frame 548/750 — 1.4 s/frame
06-log 69/270 — frame 549/750 — 1.4 s/frame
06-log 70/270 — frame 550/750 — 1.4 s/frame
06-log 71/270 — frame 551/750 — 1.4 s/frame
06-log 72/270 — frame 552/750 — 1.4 s/frame
06-log 73/270 — frame 553/750 — 1.4 s/frame
06-log 74/270 — frame 554/750 — 1.4 s/frame
06-log 75/270 — frame 555/750 — 1.4 s/frame
06-log 76/270 — frame 556/750 — 1.4 s/frame
06-log 77/270 — frame 557/750 — 1.4 s/frame
06-log 78/270 — frame 558/750 — 1.4 s/frame
06-log 79/270 — frame 559/750 — 1.4 s/frame
06-log 80/270 — frame 560/750 — 1.4 s/frame
06-log 81/270 — frame 561/750 — 1.4 s/frame
06-log 82/270 — frame 562/750 — 1.4 s/frame
06-log 83/270 — frame 563/750 — 1.4 s/frame
06-log 84/270 — frame 564/750 — 1.4 s/frame
06-log 85/270 — frame 565/750 — 1.4 s/frame
06-log 86/270 — frame 566/750 — 1.4 s/frame
06-log 87/270 — frame 567/750 — 1.4 s/frame
06-log 88/270 — frame 568/750 — 1.4 s/frame
06-log 89/270 — frame 569/750 — 1.4 s/frame
06-log 90/270 — frame 570/750 — 1.4 s/frame
06-log 91/270 — frame 571/750 — 1.4 s/frame
06-log 92/270 — frame 572/750 — 1.4 s/frame
06-log 93/270 — frame 573/750 — 1.4 s/frame
06-log 94/270 — frame 574/750 — 1.4 s/frame
06-log 95/270 — frame 575/750 — 1.4 s/frame
06-log 96/270 — frame 576/750 — 1.4 s/frame
06-log 97/270 — frame 577/750 — 1.4 s/frame
06-log 98/270 — frame 578/750 — 1.4 s/frame
06-log 99/270 — frame 579/750 — 1.4 s/frame
06-log 100/270 — frame 580/750 — 1.4 s/frame
06-log 101/270 — frame 581/750 — 1.4 s/frame
06-log 102/270 — frame 582/750 — 1.4 s/frame
06-log 103/270 — frame 583/750 — 1.4 s/frame
06-log 104/270 — frame 584/750 — 1.4 s/frame
06-log 105/270 — frame 585/750 — 1.4 s/frame
06-log 106/270 — frame 586/750 — 1.4 s/frame
06-log 107/270 — frame 587/750 — 1.4 s/frame
06-log 108/270 — frame 588/750 — 1.4 s/frame
06-log 109/270 — frame 589/750 — 1.4 s/frame
06-log 110/270 — frame 590/750 — 1.4 s/frame
06-log 111/270 — frame 591/750 — 1.4 s/frame
06-log 112/270 — frame 592/750 — 1.4 s/frame
06-log 113/270 — frame 593/750 — 1.4 s/frame
06-log 114/270 — frame 594/750 — 1.4 s/frame
06-log 115/270 — frame 595/750 — 1.4 s/frame
06-log 116/270 — frame 596/750 — 1.4 s/frame
06-log 117/270 — frame 597/750 — 1.4 s/frame
06-log 118/270 — frame 598/750 — 1.4 s/frame
06-log 119/270 — frame 599/750 — 1.4 s/frame
06-log 120/270 — frame 600/750 — 1.4 s/frame
06-log 121/270 — frame 601/750 — 1.4 s/frame
06-log 122/270 — frame 602/750 — 1.4 s/frame
06-log 123/270 — frame 603/750 — 1.4 s/frame
06-log 124/270 — frame 604/750 — 1.4 s/frame
06-log 125/270 — frame 605/750 — 1.4 s/frame
06-log 126/270 — frame 606/750 — 1.4 s/frame
06-log 127/270 — frame 607/750 — 1.4 s/frame
06-log 128/270 — frame 608/750 — 1.4 s/frame
06-log 129/270 — frame 609/750 — 1.4 s/frame
06-log 130/270 — frame 610/750 — 1.4 s/frame
06-log 131/270 — frame 611/750 — 1.4 s/frame
06-log 132/270 — frame 612/750 — 1.4 s/frame
06-log 133/270 — frame 613/750 — 1.4 s/frame
06-log 134/270 — frame 614/750 — 1.4 s/frame
06-log 135/270 — frame 615/750 — 1.4 s/frame
06-log 136/270 — frame 616/750 — 1.4 s/frame
06-log 137/270 — frame 617/750 — 1.4 s/frame
06-log 138/270 — frame 618/750 — 1.4 s/frame
06-log 139/270 — frame 619/750 — 1.4 s/frame
06-log 140/270 — frame 620/750 — 1.4 s/frame
06-log 141/270 — frame 621/750 — 1.4 s/frame
06-log 142/270 — frame 622/750 — 1.4 s/frame
06-log 143/270 — frame 623/750 — 1.4 s/frame
06-log 144/270 — frame 624/750 — 1.4 s/frame
06-log 145/270 — frame 625/750 — 1.4 s/frame
06-log 146/270 — frame 626/750 — 1.4 s/frame
06-log 147/270 — frame 627/750 — 1.4 s/frame
06-log 148/270 — frame 628/750 — 1.4 s/frame
06-log 149/270 — frame 629/750 — 1.4 s/frame
06-log 150/270 — frame 630/750 — 1.4 s/frame
06-log 151/270 — frame 631/750 — 1.4 s/frame
06-log 152/270 — frame 632/750 — 1.4 s/frame
06-log 153/270 — frame 633/750 — 1.4 s/frame
06-log 154/270 — frame 634/750 — 1.4 s/frame
06-log 155/270 — frame 635/750 — 1.4 s/frame
06-log 156/270 — frame 636/750 — 1.4 s/frame
06-log 157/270 — frame 637/750 — 1.4 s/frame
06-log 158/270 — frame 638/750 — 1.4 s/frame
06-log 159/270 — frame 639/750 — 1.4 s/frame
06-log 160/270 — frame 640/750 — 1.4 s/frame
06-log 161/270 — frame 641/750 — 1.4 s/frame
06-log 162/270 — frame 642/750 — 1.4 s/frame
06-log 163/270 — frame 643/750 — 1.4 s/frame
06-log 164/270 — frame 644/750 — 1.4 s/frame
06-log 165/270 — frame 645/750 — 1.4 s/frame
06-log 166/270 — frame 646/750 — 1.4 s/frame
06-log 167/270 — frame 647/750 — 1.4 s/frame
06-log 168/270 — frame 648/750 — 1.4 s/frame
06-log 169/270 — frame 649/750 — 1.4 s/frame
06-log 170/270 — frame 650/750 — 1.4 s/frame
06-log 171/270 — frame 651/750 — 1.4 s/frame
06-log 172/270 — frame 652/750 — 1.4 s/frame
06-log 173/270 — frame 653/750 — 1.4 s/frame
06-log 174/270 — frame 654/750 — 1.4 s/frame
06-log 175/270 — frame 655/750 — 1.4 s/frame
06-log 176/270 — frame 656/750 — 1.4 s/frame
06-log 177/270 — frame 657/750 — 1.4 s/frame
06-log 178/270 — frame 658/750 — 1.4 s/frame
06-log 179/270 — frame 659/750 — 1.4 s/frame
06-log 180/270 — frame 660/750 — 1.4 s/frame
06-log 181/270 — frame 661/750 — 1.4 s/frame
06-log 182/270 — frame 662/750 — 1.4 s/frame
06-log 183/270 — frame 663/750 — 1.4 s/frame
06-log 184/270 — frame 664/750 — 1.4 s/frame
06-log 185/270 — frame 665/750 — 1.4 s/frame
06-log 186/270 — frame 666/750 — 1.4 s/frame
06-log 187/270 — frame 667/750 — 1.4 s/frame
06-log 188/270 — frame 668/750 — 1.4 s/frame
06-log 189/270 — frame 669/750 — 1.4 s/frame
06-log 190/270 — frame 670/750 — 1.4 s/frame
06-log 191/270 — frame 671/750 — 1.4 s/frame
06-log 192/270 — frame 672/750 — 1.4 s/frame
06-log 193/270 — frame 673/750 — 1.4 s/frame
06-log 194/270 — frame 674/750 — 1.4 s/frame
06-log 195/270 — frame 675/750 — 1.4 s/frame
06-log 196/270 — frame 676/750 — 1.4 s/frame
06-log 197/270 — frame 677/750 — 1.4 s/frame
06-log 198/270 — frame 678/750 — 1.4 s/frame
06-log 199/270 — frame 679/750 — 1.4 s/frame
06-log 200/270 — frame 680/750 — 1.4 s/frame
06-log 201/270 — frame 681/750 — 1.4 s/frame
06-log 202/270 — frame 682/750 — 1.4 s/frame
06-log 203/270 — frame 683/750 — 1.4 s/frame
06-log 204/270 — frame 684/750 — 1.4 s/frame
06-log 205/270 — frame 685/750 — 1.4 s/frame
06-log 206/270 — frame 686/750 — 1.4 s/frame
06-log 207/270 — frame 687/750 — 1.4 s/frame
06-log 208/270 — frame 688/750 — 1.4 s/frame
06-log 209/270 — frame 689/750 — 1.4 s/frame
06-log 210/270 — frame 690/750 — 1.4 s/frame
06-log 211/270 — frame 691/750 — 1.4 s/frame
06-log 212/270 — frame 692/750 — 1.4 s/frame
06-log 213/270 — frame 693/750 — 1.4 s/frame
06-log 214/270 — frame 694/750 — 1.4 s/frame
06-log 215/270 — frame 695/750 — 1.4 s/frame
06-log 216/270 — frame 696/750 — 1.4 s/frame
06-log 217/270 — frame 697/750 — 1.4 s/frame
06-log 218/270 — frame 698/750 — 1.4 s/frame
06-log 219/270 — frame 699/750 — 1.4 s/frame
06-log 220/270 — frame 700/750 — 1.4 s/frame
06-log 221/270 — frame 701/750 — 1.4 s/frame
06-log 222/270 — frame 702/750 — 1.4 s/frame
06-log 223/270 — frame 703/750 — 1.4 s/frame
06-log 224/270 — frame 704/750 — 1.4 s/frame
06-log 225/270 — frame 705/750 — 1.4 s/frame
06-log 226/270 — frame 706/750 — 1.4 s/frame
06-log 227/270 — frame 707/750 — 1.4 s/frame
06-log 228/270 — frame 708/750 — 1.4 s/frame
06-log 229/270 — frame 709/750 — 1.4 s/frame
06-log 230/270 — frame 710/750 — 1.4 s/frame
06-log 231/270 — frame 711/750 — 1.4 s/frame
06-log 232/270 — frame 712/750 — 1.4 s/frame
06-log 233/270 — frame 713/750 — 1.4 s/frame
06-log 234/270 — frame 714/750 — 1.4 s/frame
06-log 235/270 — frame 715/750 — 1.4 s/frame
06-log 236/270 — frame 716/750 — 1.4 s/frame
06-log 237/270 — frame 717/750 — 1.4 s/frame
06-log 238/270 — frame 718/750 — 1.4 s/frame
06-log 239/270 — frame 719/750 — 1.4 s/frame
06-log 240/270 — frame 720/750 — 1.4 s/frame
06-log 241/270 — frame 721/750 — 1.4 s/frame
06-log 242/270 — frame 722/750 — 1.4 s/frame
06-log 243/270 — frame 723/750 — 1.4 s/frame
06-log 244/270 — frame 724/750 — 1.4 s/frame
06-log 245/270 — frame 725/750 — 1.4 s/frame
06-log 246/270 — frame 726/750 — 1.4 s/frame
06-log 247/270 — frame 727/750 — 1.4 s/frame
06-log 248/270 — frame 728/750 — 1.4 s/frame
06-log 249/270 — frame 729/750 — 1.4 s/frame
06-log 250/270 — frame 730/750 — 1.4 s/frame
06-log 251/270 — frame 731/750 — 1.4 s/frame
06-log 252/270 — frame 732/750 — 1.4 s/frame
06-log 253/270 — frame 733/750 — 1.4 s/frame
06-log 254/270 — frame 734/750 — 1.4 s/frame
06-log 255/270 — frame 735/750 — 1.4 s/frame
06-log 256/270 — frame 736/750 — 1.4 s/frame
06-log 257/270 — frame 737/750 — 1.4 s/frame
06-log 258/270 — frame 738/750 — 1.4 s/frame
06-log 259/270 — frame 739/750 — 1.4 s/frame
06-log 260/270 — frame 740/750 — 1.4 s/frame
06-log 261/270 — frame 741/750 — 1.4 s/frame
06-log 262/270 — frame 742/750 — 1.4 s/frame
06-log 263/270 — frame 743/750 — 1.4 s/frame
06-log 264/270 — frame 744/750 — 1.4 s/frame
06-log 265/270 — frame 745/750 — 1.4 s/frame
06-log 266/270 — frame 746/750 — 1.4 s/frame
06-log 267/270 — frame 747/750 — 1.4 s/frame
06-log 268/270 — frame 748/750 — 1.4 s/frame
06-log 269/270 — frame 749/750 — 1.4 s/frame
06-log 270/270 — frame 750/750 — 1.4 s/frame
done: 750 frames in 1037 s → E:\zeldaremake-astra-motion-sept21\gauntlet\out\cinematic-final-sept23\world
