capslot: astra-crown-delivery holds the capture slot
world: page loaded in 378.6 s — waiting for __ZR__.ready() (timeout 15 min)
world: ready in 379.2 s
captured A_stairs (The Stairs) in 2.0s — 484 draws, 8.76M tris
captured B_house (Saria's House) in 2.4s — 472 draws, 7.96M tris
captured C_lookback (Look Back) in 2.3s — 378 draws, 6.93M tris
captured D_log (The Log Arch) in 2.0s — 440 draws, 8.12M tris
captured E_ground (Saria's House (hold)) in 2.0s — 472 draws, 7.96M tris
captured F_canopy (Up the Stairs) in 1.9s — 451 draws, 8.18M tris
captured A_stairs.det (determinism) in 2.0s
captured A_stairs.motion (t+0.5s) in 1.9s
depth A_stairs: sky 0.0 %, 4 far layers, max bucket >20 m 3.7 %
depth B_house: sky 0.0 %, 4 far layers, max bucket >20 m 4.8 %
depth C_lookback: sky 0.0 %, 2 far layers, max bucket >20 m 7.4 %
depth D_log: sky 0.0 %, 3 far layers, max bucket >20 m 4.6 %
placement systems.vegetation.samplePositions.litter: 389/390 ok (99.7 %)
placement systems.trees.samplePositions.bases: 164/164 ok (100.0 %)
placement systems.vegetation.samplePositions.grass: 400/400 ok (100.0 %)
placement systems.rocks.samplePositions.boulders: 33/33 ok (100.0 %)
placement systems.structures.samplePositions.bases: 54/54 ok (100.0 %)
projection A_stairs:stairs.main: 6/6 inside
projection A_stairs:lanternBranch: 3/3 inside
{
  "out": "E:\\zeldaremake-cinematic-e599075f\\gauntlet\\out\\checkpoint-e599075f-raw",
  "viewpoints": [
    "A_stairs",
    "B_house",
    "C_lookback",
    "D_log",
    "E_ground",
    "F_canopy"
  ],
  "durationMs": 399500,
  "sha": "e599075f"
}
