Input #0, mov,mp4,m4a,3gp,3g2,mj2, from 'art/environment/astra-cinematic-final-sept23/Kokiri-Forest-Cinematic-1080p.mp4':
  Metadata:
    major_brand     : isom
    minor_version   : 512
    compatible_brands: isomiso2avc1mp41
    encoder         : Lavf62.3.100
  Duration: 00:00:30.00, start: 0.000000, bitrate: 22000 kb/s
  Stream #0:0[0x1](und): Video: h264 (High) (avc1 / 0x31637661), yuv420p(progressive), 1920x1080 [SAR 1:1 DAR 16:9], 21798 kb/s, 30 fps, 30 tbr, 15360 tbn (default)
    Metadata:
      handler_name    : VideoHandler
      vendor_id       : [0][0][0][0]
      encoder         : Lavc62.11.100 libx264
  Stream #0:1[0x2](und): Audio: aac (LC) (mp4a / 0x6134706D), 48000 Hz, stereo, fltp, 192 kb/s (default)
    Metadata:
      handler_name    : SoundHandler
      vendor_id       : [0][0][0][0]
Stream mapping:
  Stream #0:1 -> #0:0 (aac (native) -> pcm_s16le (native))
Press [q] to stop, [?] for help
Output #0, null, to 'NUL':
  Metadata:
    major_brand     : isom
    minor_version   : 512
    compatible_brands: isomiso2avc1mp41
    encoder         : Lavf62.3.100
  Stream #0:0(und): Audio: pcm_s16le, 192000 Hz, stereo, s16, 6144 kb/s (default)
    Metadata:
      encoder         : Lavc62.11.100 pcm_s16le
      handler_name    : SoundHandler
      vendor_id       : [0][0][0][0]
[Parsed_loudnorm_0 @ 000001e9e0366b00] 
{
	"input_i" : "-21.61",
	"input_tp" : "-5.89",
	"input_lra" : "7.10",
	"input_thresh" : "-31.83",
	"output_i" : "-25.85",
	"output_tp" : "-11.21",
	"output_lra" : "5.60",
	"output_thresh" : "-35.98",
	"normalization_type" : "dynamic",
	"target_offset" : "1.85"
}
[out#0/null @ 000001e9e214eec0] video:0KiB audio:22512KiB subtitle:0KiB other streams:0KiB global headers:0KiB muxing overhead: unknown
size=N/A time=00:00:30.10 bitrate=N/A speed=44.9x elapsed=0:00:00.67    
